10:38:28 **** Incremental Build of configuration Debug for project SHT31 ****
make -j4 all 
arm-none-eabi-gcc "../Core/Src/main.c" -mcpu=cortex-m4 -std=gnu11 -g3 -DDEBUG -DUSE_HAL_DRIVER -DSTM32L476xx -c -I../Core/Inc -I../Drivers/STM32L4xx_HAL_Driver/Inc -I../Drivers/STM32L4xx_HAL_Driver/Inc/Legacy -I../Drivers/CMSIS/Device/ST/STM32L4xx/Include -I../Drivers/CMSIS/Include -O0 -ffunction-sections -fdata-sections -Wall -fstack-usage -fcyclomatic-complexity -MMD -MP -MF"Core/Src/main.d" -MT"Core/Src/main.o" --specs=nano.specs -mfpu=fpv4-sp-d16 -mfloat-abi=hard -mthumb -o "Core/Src/main.o"
../Core/Src/main.c: In function 'main':
../Core/Src/main.c:56:3: warning: implicit declaration of function 'SystemClock_Config'; did you mean 'SysTick_Config'? [-Wimplicit-function-declaration]
   56 |   SystemClock_Config();
      |   ^~~~~~~~~~~~~~~~~~
      |   SysTick_Config
../Core/Src/main.c:120:51: warning: spurious trailing '%' in format [-Wformat=]
  120 |                 sprintf((char*)buf, "%u.%u C ; %u %",
      |                                                   ^
../Core/Src/main.c:129:34: warning: pointer targets in passing argument 2 of 'lcd_print' differ in signedness [-Wpointer-sign]
  129 |                 lcd_print(&hi2c1,buf);
      |                                  ^~~
      |                                  |
      |                                  uint8_t * {aka unsigned char *}
In file included from ../Core/Src/main.c:15:
../Core/Inc/LCD.h:102:47: note: expected 'char *' but argument is of type 'uint8_t *' {aka 'unsigned char *'}
  102 | void lcd_print(I2C_HandleTypeDef* I2Cx, char *str);
      |                                         ~~~~~~^~~
../Core/Src/main.c:135:34: warning: pointer targets in passing argument 2 of 'lcd_print' differ in signedness [-Wpointer-sign]
  135 |                 lcd_print(&hi2c1,&buf[10]);
      |                                  ^~~~~~~~
      |                                  |
      |                                  uint8_t * {aka unsigned char *}
../Core/Inc/LCD.h:102:47: note: expected 'char *' but argument is of type 'uint8_t *' {aka 'unsigned char *'}
  102 | void lcd_print(I2C_HandleTypeDef* I2Cx, char *str);
      |                                         ~~~~~~^~~
../Core/Src/main.c:48:9: warning: unused variable 'partieEntiere2' [-Wunused-variable]
   48 |   float partieEntiere2;         // Non utilisé
      |         ^~~~~~~~~~~~~~
../Core/Src/main.c:47:9: warning: unused variable 'partieDecimal2' [-Wunused-variable]
   47 |   float partieDecimal2;         // Non utilisé
      |         ^~~~~~~~~~~~~~
../Core/Src/main.c:42:21: warning: unused variable 'valeur2' [-Wunused-variable]
   42 |   volatile uint16_t valeur2;    // Non utilisé (reste du développement)
      |                     ^~~~~~~
../Core/Src/main.c:85:13: warning: '__builtin_memcpy' writing 13 bytes into a region of size 12 overflows the destination [-Wstringop-overflow=]
   85 |             strcpy((char*)buf, "erreur_T!!\r\n"); // Message d’erreur transmission
      |             ^~~~~~~~~~~~~~~~~~~~~~~~~~~~~~~~~~~~
../Core/Src/main.c:40:11: note: destination object 'buf' of size 12
   40 |   uint8_t buf[12];              // Buffer pour I2C, LCD et UART
      |           ^~~
../Core/Src/main.c:95:17: warning: '__builtin_memcpy' writing 13 bytes into a region of size 12 overflows the destination [-Wstringop-overflow=]
   95 |                 strcpy((char*)buf, "erreur_R!!\r\n"); // Message d’erreur réception
      |                 ^~~~~~~~~~~~~~~~~~~~~~~~~~~~~~~~~~~~
../Core/Src/main.c:40:11: note: destination object 'buf' of size 12
   40 |   uint8_t buf[12];              // Buffer pour I2C, LCD et UART
      |           ^~~
arm-none-eabi-gcc -o "SHT31.elf" @"objects.list"   -mcpu=cortex-m4 -T"C:\Users\G45p8\Documents\STM322026_G18\SHT31\STM32L476RGTX_FLASH.ld" --specs=nosys.specs -Wl,-Map="SHT31.map" -Wl,--gc-sections -static --specs=nano.specs -mfpu=fpv4-sp-d16 -mfloat-abi=hard -mthumb -Wl,--start-group -lc -lm -Wl,--end-group
C:/ST/STM32CubeIDE_1.17.0/STM32CubeIDE/plugins/com.st.stm32cube.ide.mcu.externaltools.gnu-tools-for-stm32.12.3.rel1.win32_1.1.0.202410251130/tools/bin/../lib/gcc/arm-none-eabi/12.3.1/../../../../arm-none-eabi/bin/ld.exe: ./Core/Src/I2C.o: in function `MX_I2C1_Init':
C:/Users/G45p8/Documents/STM322026_G18/SHT31/Debug/../Core/Src/I2C.c:51: undefined reference to `Error_Handler'
C:/ST/STM32CubeIDE_1.17.0/STM32CubeIDE/plugins/com.st.stm32cube.ide.mcu.externaltools.gnu-tools-for-stm32.12.3.rel1.win32_1.1.0.202410251130/tools/bin/../lib/gcc/arm-none-eabi/12.3.1/../../../../arm-none-eabi/bin/ld.exe: C:/Users/G45p8/Documents/STM322026_G18/SHT31/Debug/../Core/Src/I2C.c:58: undefined reference to `Error_Handler'
C:/ST/STM32CubeIDE_1.17.0/STM32CubeIDE/plugins/com.st.stm32cube.ide.mcu.externaltools.gnu-tools-for-stm32.12.3.rel1.win32_1.1.0.202410251130/tools/bin/../lib/gcc/arm-none-eabi/12.3.1/../../../../arm-none-eabi/bin/ld.exe: C:/Users/G45p8/Documents/STM322026_G18/SHT31/Debug/../Core/Src/I2C.c:65: undefined reference to `Error_Handler'
C:/ST/STM32CubeIDE_1.17.0/STM32CubeIDE/plugins/com.st.stm32cube.ide.mcu.externaltools.gnu-tools-for-stm32.12.3.rel1.win32_1.1.0.202410251130/tools/bin/../lib/gcc/arm-none-eabi/12.3.1/../../../../arm-none-eabi/bin/ld.exe: ./Core/Src/I2C.o: in function `HAL_I2C_MspInit':
C:/Users/G45p8/Documents/STM322026_G18/SHT31/Debug/../Core/Src/I2C.c:90: undefined reference to `Error_Handler'
C:/ST/STM32CubeIDE_1.17.0/STM32CubeIDE/plugins/com.st.stm32cube.ide.mcu.externaltools.gnu-tools-for-stm32.12.3.rel1.win32_1.1.0.202410251130/tools/bin/../lib/gcc/arm-none-eabi/12.3.1/../../../../arm-none-eabi/bin/ld.exe: ./Core/Src/main.o: in function `main':
C:/Users/G45p8/Documents/STM322026_G18/SHT31/Debug/../Core/Src/main.c:56: undefined reference to `SystemClock_Config'
C:/ST/STM32CubeIDE_1.17.0/STM32CubeIDE/plugins/com.st.stm32cube.ide.mcu.externaltools.gnu-tools-for-stm32.12.3.rel1.win32_1.1.0.202410251130/tools/bin/../lib/gcc/arm-none-eabi/12.3.1/../../../../arm-none-eabi/bin/ld.exe: ./Core/Src/usart.o: in function `MX_USART2_UART_Init':
C:/Users/G45p8/Documents/STM322026_G18/SHT31/Debug/../Core/Src/usart.c:53: undefined reference to `Error_Handler'
C:/ST/STM32CubeIDE_1.17.0/STM32CubeIDE/plugins/com.st.stm32cube.ide.mcu.externaltools.gnu-tools-for-stm32.12.3.rel1.win32_1.1.0.202410251130/tools/bin/../lib/gcc/arm-none-eabi/12.3.1/../../../../arm-none-eabi/bin/ld.exe: ./Core/Src/usart.o: in function `HAL_UART_MspInit':
C:/Users/G45p8/Documents/STM322026_G18/SHT31/Debug/../Core/Src/usart.c:78: undefined reference to `Error_Handler'
collect2.exe: error: ld returned 1 exit status
make: *** [makefile:64: SHT31.elf] Error 1
"make -j4 all" terminated with exit code 2. Build might be incomplete.
10:38:49 **** Incremental Build of configuration Debug for project SHT31 ****
make -j4 all 
arm-none-eabi-gcc -o "SHT31.elf" @"objects.list"   -mcpu=cortex-m4 -T"C:\Users\G45p8\Documents\STM322026_G18\SHT31\STM32L476RGTX_FLASH.ld" --specs=nosys.specs -Wl,-Map="SHT31.map" -Wl,--gc-sections -static --specs=nano.specs -mfpu=fpv4-sp-d16 -mfloat-abi=hard -mthumb -Wl,--start-group -lc -lm -Wl,--end-group
C:/ST/STM32CubeIDE_1.17.0/STM32CubeIDE/plugins/com.st.stm32cube.ide.mcu.externaltools.gnu-tools-for-stm32.12.3.rel1.win32_1.1.0.202410251130/tools/bin/../lib/gcc/arm-none-eabi/12.3.1/../../../../arm-none-eabi/bin/ld.exe: ./Core/Src/I2C.o: in function `MX_I2C1_Init':
C:/Users/G45p8/Documents/STM322026_G18/SHT31/Debug/../Core/Src/I2C.c:51: undefined reference to `Error_Handler'
C:/ST/STM32CubeIDE_1.17.0/STM32CubeIDE/plugins/com.st.stm32cube.ide.mcu.externaltools.gnu-tools-for-stm32.12.3.rel1.win32_1.1.0.202410251130/tools/bin/../lib/gcc/arm-none-eabi/12.3.1/../../../../arm-none-eabi/bin/ld.exe: C:/Users/G45p8/Documents/STM322026_G18/SHT31/Debug/../Core/Src/I2C.c:58: undefined reference to `Error_Handler'
C:/ST/STM32CubeIDE_1.17.0/STM32CubeIDE/plugins/com.st.stm32cube.ide.mcu.externaltools.gnu-tools-for-stm32.12.3.rel1.win32_1.1.0.202410251130/tools/bin/../lib/gcc/arm-none-eabi/12.3.1/../../../../arm-none-eabi/bin/ld.exe: C:/Users/G45p8/Documents/STM322026_G18/SHT31/Debug/../Core/Src/I2C.c:65: undefined reference to `Error_Handler'
C:/ST/STM32CubeIDE_1.17.0/STM32CubeIDE/plugins/com.st.stm32cube.ide.mcu.externaltools.gnu-tools-for-stm32.12.3.rel1.win32_1.1.0.202410251130/tools/bin/../lib/gcc/arm-none-eabi/12.3.1/../../../../arm-none-eabi/bin/ld.exe: ./Core/Src/I2C.o: in function `HAL_I2C_MspInit':
C:/Users/G45p8/Documents/STM322026_G18/SHT31/Debug/../Core/Src/I2C.c:90: undefined reference to `Error_Handler'
C:/ST/STM32CubeIDE_1.17.0/STM32CubeIDE/plugins/com.st.stm32cube.ide.mcu.externaltools.gnu-tools-for-stm32.12.3.rel1.win32_1.1.0.202410251130/tools/bin/../lib/gcc/arm-none-eabi/12.3.1/../../../../arm-none-eabi/bin/ld.exe: ./Core/Src/main.o: in function `main':
C:/Users/G45p8/Documents/STM322026_G18/SHT31/Debug/../Core/Src/main.c:56: undefined reference to `SystemClock_Config'
C:/ST/STM32CubeIDE_1.17.0/STM32CubeIDE/plugins/com.st.stm32cube.ide.mcu.externaltools.gnu-tools-for-stm32.12.3.rel1.win32_1.1.0.202410251130/tools/bin/../lib/gcc/arm-none-eabi/12.3.1/../../../../arm-none-eabi/bin/ld.exe: ./Core/Src/usart.o: in function `MX_USART2_UART_Init':
C:/Users/G45p8/Documents/STM322026_G18/SHT31/Debug/../Core/Src/usart.c:53: undefined reference to `Error_Handler'
C:/ST/STM32CubeIDE_1.17.0/STM32CubeIDE/plugins/com.st.stm32cube.ide.mcu.externaltools.gnu-tools-for-stm32.12.3.rel1.win32_1.1.0.202410251130/tools/bin/../lib/gcc/arm-none-eabi/12.3.1/../../../../arm-none-eabi/bin/ld.exe: ./Core/Src/usart.o: in function `HAL_UART_MspInit':
C:/Users/G45p8/Documents/STM322026_G18/SHT31/Debug/../Core/Src/usart.c:78: undefined reference to `Error_Handler'
collect2.exe: error: ld returned 1 exit status
make: *** [makefile:64: SHT31.elf] Error 1
"make -j4 all" terminated with exit code 2. Build might be incomplete.
10:41:48 **** Incremental Build of configuration Debug for project SHT31 ****
make -j4 all 
arm-none-eabi-gcc "../Core/Src/main.c" -mcpu=cortex-m4 -std=gnu11 -g3 -DDEBUG -DUSE_HAL_DRIVER -DSTM32L476xx -c -I../Core/Inc -I../Drivers/STM32L4xx_HAL_Driver/Inc -I../Drivers/STM32L4xx_HAL_Driver/Inc/Legacy -I../Drivers/CMSIS/Device/ST/STM32L4xx/Include -I../Drivers/CMSIS/Include -O0 -ffunction-sections -fdata-sections -Wall -fstack-usage -fcyclomatic-complexity -MMD -MP -MF"Core/Src/main.d" -MT"Core/Src/main.o" --specs=nano.specs -mfpu=fpv4-sp-d16 -mfloat-abi=hard -mthumb -o "Core/Src/main.o"
../Core/Src/main.c: In function 'main':
../Core/Src/main.c:57:3: warning: implicit declaration of function 'SystemClock_Config'; did you mean 'SysTick_Config'? [-Wimplicit-function-declaration]
   57 |   SystemClock_Config();
      |   ^~~~~~~~~~~~~~~~~~
      |   SysTick_Config
../Core/Src/main.c:122:51: warning: spurious trailing '%' in format [-Wformat=]
  122 |                 sprintf((char*)buf, "%u.%u C ; %u %",
      |                                                   ^
../Core/Src/main.c:131:34: warning: pointer targets in passing argument 2 of 'lcd_print' differ in signedness [-Wpointer-sign]
  131 |                 lcd_print(&hi2c1,buf);
      |                                  ^~~
      |                                  |
      |                                  uint8_t * {aka unsigned char *}
In file included from ../Core/Src/main.c:15:
../Core/Inc/LCD.h:102:47: note: expected 'char *' but argument is of type 'uint8_t *' {aka 'unsigned char *'}
  102 | void lcd_print(I2C_HandleTypeDef* I2Cx, char *str);
      |                                         ~~~~~~^~~
../Core/Src/main.c:137:34: warning: pointer targets in passing argument 2 of 'lcd_print' differ in signedness [-Wpointer-sign]
  137 |                 lcd_print(&hi2c1,&buf[10]);
      |                                  ^~~~~~~~
      |                                  |
      |                                  uint8_t * {aka unsigned char *}
../Core/Inc/LCD.h:102:47: note: expected 'char *' but argument is of type 'uint8_t *' {aka 'unsigned char *'}
  102 | void lcd_print(I2C_HandleTypeDef* I2Cx, char *str);
      |                                         ~~~~~~^~~
../Core/Src/main.c:48:9: warning: unused variable 'partieEntiere2' [-Wunused-variable]
   48 |   float partieEntiere2;         // Non utilisé
      |         ^~~~~~~~~~~~~~
../Core/Src/main.c:47:9: warning: unused variable 'partieDecimal2' [-Wunused-variable]
   47 |   float partieDecimal2;         // Non utilisé
      |         ^~~~~~~~~~~~~~
../Core/Src/main.c:42:21: warning: unused variable 'valeur2' [-Wunused-variable]
   42 |   volatile uint16_t valeur2;    // Non utilisé (reste du développement)
      |                     ^~~~~~~
../Core/Src/main.c:87:13: warning: '__builtin_memcpy' writing 13 bytes into a region of size 12 overflows the destination [-Wstringop-overflow=]
   87 |             strcpy((char*)buf, "erreur_T!!\r\n"); // Message d’erreur transmission
      |             ^~~~~~~~~~~~~~~~~~~~~~~~~~~~~~~~~~~~
../Core/Src/main.c:40:11: note: destination object 'buf' of size 12
   40 |   uint8_t buf[12];              // Buffer pour I2C, LCD et UART
      |           ^~~
../Core/Src/main.c:97:17: warning: '__builtin_memcpy' writing 13 bytes into a region of size 12 overflows the destination [-Wstringop-overflow=]
   97 |                 strcpy((char*)buf, "erreur_R!!\r\n"); // Message d’erreur réception
      |                 ^~~~~~~~~~~~~~~~~~~~~~~~~~~~~~~~~~~~
../Core/Src/main.c:40:11: note: destination object 'buf' of size 12
   40 |   uint8_t buf[12];              // Buffer pour I2C, LCD et UART
      |           ^~~
arm-none-eabi-gcc -o "SHT31.elf" @"objects.list"   -mcpu=cortex-m4 -T"C:\Users\G45p8\Documents\STM322026_G18\SHT31\STM32L476RGTX_FLASH.ld" --specs=nosys.specs -Wl,-Map="SHT31.map" -Wl,--gc-sections -static --specs=nano.specs -mfpu=fpv4-sp-d16 -mfloat-abi=hard -mthumb -Wl,--start-group -lc -lm -Wl,--end-group
C:/ST/STM32CubeIDE_1.17.0/STM32CubeIDE/plugins/com.st.stm32cube.ide.mcu.externaltools.gnu-tools-for-stm32.12.3.rel1.win32_1.1.0.202410251130/tools/bin/../lib/gcc/arm-none-eabi/12.3.1/../../../../arm-none-eabi/bin/ld.exe: ./Core/Src/I2C.o: in function `MX_I2C1_Init':
C:/Users/G45p8/Documents/STM322026_G18/SHT31/Debug/../Core/Src/I2C.c:51: undefined reference to `Error_Handler'
C:/ST/STM32CubeIDE_1.17.0/STM32CubeIDE/plugins/com.st.stm32cube.ide.mcu.externaltools.gnu-tools-for-stm32.12.3.rel1.win32_1.1.0.202410251130/tools/bin/../lib/gcc/arm-none-eabi/12.3.1/../../../../arm-none-eabi/bin/ld.exe: C:/Users/G45p8/Documents/STM322026_G18/SHT31/Debug/../Core/Src/I2C.c:58: undefined reference to `Error_Handler'
C:/ST/STM32CubeIDE_1.17.0/STM32CubeIDE/plugins/com.st.stm32cube.ide.mcu.externaltools.gnu-tools-for-stm32.12.3.rel1.win32_1.1.0.202410251130/tools/bin/../lib/gcc/arm-none-eabi/12.3.1/../../../../arm-none-eabi/bin/ld.exe: C:/Users/G45p8/Documents/STM322026_G18/SHT31/Debug/../Core/Src/I2C.c:65: undefined reference to `Error_Handler'
C:/ST/STM32CubeIDE_1.17.0/STM32CubeIDE/plugins/com.st.stm32cube.ide.mcu.externaltools.gnu-tools-for-stm32.12.3.rel1.win32_1.1.0.202410251130/tools/bin/../lib/gcc/arm-none-eabi/12.3.1/../../../../arm-none-eabi/bin/ld.exe: ./Core/Src/I2C.o: in function `HAL_I2C_MspInit':
C:/Users/G45p8/Documents/STM322026_G18/SHT31/Debug/../Core/Src/I2C.c:90: undefined reference to `Error_Handler'
C:/ST/STM32CubeIDE_1.17.0/STM32CubeIDE/plugins/com.st.stm32cube.ide.mcu.externaltools.gnu-tools-for-stm32.12.3.rel1.win32_1.1.0.202410251130/tools/bin/../lib/gcc/arm-none-eabi/12.3.1/../../../../arm-none-eabi/bin/ld.exe: ./Core/Src/main.o: in function `main':
C:/Users/G45p8/Documents/STM322026_G18/SHT31/Debug/../Core/Src/main.c:57: undefined reference to `SystemClock_Config'
C:/ST/STM32CubeIDE_1.17.0/STM32CubeIDE/plugins/com.st.stm32cube.ide.mcu.externaltools.gnu-tools-for-stm32.12.3.rel1.win32_1.1.0.202410251130/tools/bin/../lib/gcc/arm-none-eabi/12.3.1/../../../../arm-none-eabi/bin/ld.exe: ./Core/Src/usart.o: in function `MX_USART2_UART_Init':
C:/Users/G45p8/Documents/STM322026_G18/SHT31/Debug/../Core/Src/usart.c:53: undefined reference to `Error_Handler'
C:/ST/STM32CubeIDE_1.17.0/STM32CubeIDE/plugins/com.st.stm32cube.ide.mcu.externaltools.gnu-tools-for-stm32.12.3.rel1.win32_1.1.0.202410251130/tools/bin/../lib/gcc/arm-none-eabi/12.3.1/../../../../arm-none-eabi/bin/ld.exe: ./Core/Src/usart.o: in function `HAL_UART_MspInit':
C:/Users/G45p8/Documents/STM322026_G18/SHT31/Debug/../Core/Src/usart.c:78: undefined reference to `Error_Handler'
collect2.exe: error: ld returned 1 exit status
make: *** [makefile:64: SHT31.elf] Error 1
"make -j4 all" terminated with exit code 2. Build might be incomplete.
10:44:18 **** Incremental Build of configuration Debug for project SHT31 ****
make -j4 all 
arm-none-eabi-gcc "../Core/Src/main.c" -mcpu=cortex-m4 -std=gnu11 -g3 -DDEBUG -DUSE_HAL_DRIVER -DSTM32L476xx -c -I../Core/Inc -I../Drivers/STM32L4xx_HAL_Driver/Inc -I../Drivers/STM32L4xx_HAL_Driver/Inc/Legacy -I../Drivers/CMSIS/Device/ST/STM32L4xx/Include -I../Drivers/CMSIS/Include -O0 -ffunction-sections -fdata-sections -Wall -fstack-usage -fcyclomatic-complexity -MMD -MP -MF"Core/Src/main.d" -MT"Core/Src/main.o" --specs=nano.specs -mfpu=fpv4-sp-d16 -mfloat-abi=hard -mthumb -o "Core/Src/main.o"
../Core/Src/main.c: In function 'main':
../Core/Src/main.c:150:60: warning: spurious trailing '%' in format [-Wformat=]
  150 |                         sprintf( (char*)buf, "%u.%u C ; %u %", (unsigned int) partieEntiere,(unsigned int) partieDecimal,(unsigned int) umid  );
      |                                                            ^
../Core/Src/main.c:154:42: warning: pointer targets in passing argument 2 of 'lcd_print' differ in signedness [-Wpointer-sign]
  154 |                         lcd_print(&hi2c1,buf);
      |                                          ^~~
      |                                          |
      |                                          uint8_t * {aka unsigned char *}
In file included from ../Core/Src/main.c:25:
../Core/Inc/LCD.h:102:47: note: expected 'char *' but argument is of type 'uint8_t *' {aka 'unsigned char *'}
  102 | void lcd_print(I2C_HandleTypeDef* I2Cx, char *str);
      |                                         ~~~~~~^~~
../Core/Src/main.c:158:42: warning: pointer targets in passing argument 2 of 'lcd_print' differ in signedness [-Wpointer-sign]
  158 |                         lcd_print(&hi2c1,&buf[10]);
      |                                          ^~~~~~~~
      |                                          |
      |                                          uint8_t * {aka unsigned char *}
../Core/Inc/LCD.h:102:47: note: expected 'char *' but argument is of type 'uint8_t *' {aka 'unsigned char *'}
  102 | void lcd_print(I2C_HandleTypeDef* I2Cx, char *str);
      |                                         ~~~~~~^~~
../Core/Src/main.c:83:15: warning: unused variable 'partieEntiere2' [-Wunused-variable]
   83 |         float partieEntiere2;
      |               ^~~~~~~~~~~~~~
../Core/Src/main.c:82:15: warning: unused variable 'partieDecimal2' [-Wunused-variable]
   82 |         float partieDecimal2;
      |               ^~~~~~~~~~~~~~
../Core/Src/main.c:77:27: warning: unused variable 'valeur2' [-Wunused-variable]
   77 |         volatile uint16_t valeur2;
      |                           ^~~~~~~
../Core/Src/main.c:122:25: warning: '__builtin_memcpy' writing 13 bytes into a region of size 12 overflows the destination [-Wstringop-overflow=]
  122 |                         strcpy((char*)buf, "erreur_T!!\r\n");
      |                         ^~~~~~~~~~~~~~~~~~~~~~~~~~~~~~~~~~~~
../Core/Src/main.c:75:17: note: destination object 'buf' of size 12
   75 |         uint8_t buf[12];
      |                 ^~~
../Core/Src/main.c:130:41: warning: '__builtin_memcpy' writing 13 bytes into a region of size 12 overflows the destination [-Wstringop-overflow=]
  130 |                                         strcpy((char*)buf, "erreur_R!!\r\n");
      |                                         ^~~~~~~~~~~~~~~~~~~~~~~~~~~~~~~~~~~~
../Core/Src/main.c:75:17: note: destination object 'buf' of size 12
   75 |         uint8_t buf[12];
      |                 ^~~
arm-none-eabi-gcc -o "SHT31.elf" @"objects.list"   -mcpu=cortex-m4 -T"C:\Users\G45p8\Documents\STM322026_G18\SHT31\STM32L476RGTX_FLASH.ld" --specs=nosys.specs -Wl,-Map="SHT31.map" -Wl,--gc-sections -static --specs=nano.specs -mfpu=fpv4-sp-d16 -mfloat-abi=hard -mthumb -Wl,--start-group -lc -lm -Wl,--end-group
C:/ST/STM32CubeIDE_1.17.0/STM32CubeIDE/plugins/com.st.stm32cube.ide.mcu.externaltools.gnu-tools-for-stm32.12.3.rel1.win32_1.1.0.202410251130/tools/bin/../lib/gcc/arm-none-eabi/12.3.1/../../../../arm-none-eabi/bin/ld.exe: ./Core/Src/I2C.o: in function `MX_I2C1_Init':
C:/Users/G45p8/Documents/STM322026_G18/SHT31/Debug/../Core/Src/I2C.c:51: undefined reference to `Error_Handler'
C:/ST/STM32CubeIDE_1.17.0/STM32CubeIDE/plugins/com.st.stm32cube.ide.mcu.externaltools.gnu-tools-for-stm32.12.3.rel1.win32_1.1.0.202410251130/tools/bin/../lib/gcc/arm-none-eabi/12.3.1/../../../../arm-none-eabi/bin/ld.exe: C:/Users/G45p8/Documents/STM322026_G18/SHT31/Debug/../Core/Src/I2C.c:58: undefined reference to `Error_Handler'
C:/ST/STM32CubeIDE_1.17.0/STM32CubeIDE/plugins/com.st.stm32cube.ide.mcu.externaltools.gnu-tools-for-stm32.12.3.rel1.win32_1.1.0.202410251130/tools/bin/../lib/gcc/arm-none-eabi/12.3.1/../../../../arm-none-eabi/bin/ld.exe: C:/Users/G45p8/Documents/STM322026_G18/SHT31/Debug/../Core/Src/I2C.c:65: undefined reference to `Error_Handler'
C:/ST/STM32CubeIDE_1.17.0/STM32CubeIDE/plugins/com.st.stm32cube.ide.mcu.externaltools.gnu-tools-for-stm32.12.3.rel1.win32_1.1.0.202410251130/tools/bin/../lib/gcc/arm-none-eabi/12.3.1/../../../../arm-none-eabi/bin/ld.exe: ./Core/Src/I2C.o: in function `HAL_I2C_MspInit':
C:/Users/G45p8/Documents/STM322026_G18/SHT31/Debug/../Core/Src/I2C.c:90: undefined reference to `Error_Handler'
C:/ST/STM32CubeIDE_1.17.0/STM32CubeIDE/plugins/com.st.stm32cube.ide.mcu.externaltools.gnu-tools-for-stm32.12.3.rel1.win32_1.1.0.202410251130/tools/bin/../lib/gcc/arm-none-eabi/12.3.1/../../../../arm-none-eabi/bin/ld.exe: ./Core/Src/main.o: in function `main':
C:/Users/G45p8/Documents/STM322026_G18/SHT31/Debug/../Core/Src/main.c:96: undefined reference to `SystemClock_Config'
C:/ST/STM32CubeIDE_1.17.0/STM32CubeIDE/plugins/com.st.stm32cube.ide.mcu.externaltools.gnu-tools-for-stm32.12.3.rel1.win32_1.1.0.202410251130/tools/bin/../lib/gcc/arm-none-eabi/12.3.1/../../../../arm-none-eabi/bin/ld.exe: ./Core/Src/usart.o: in function `MX_USART2_UART_Init':
C:/Users/G45p8/Documents/STM322026_G18/SHT31/Debug/../Core/Src/usart.c:53: undefined reference to `Error_Handler'
C:/ST/STM32CubeIDE_1.17.0/STM32CubeIDE/plugins/com.st.stm32cube.ide.mcu.externaltools.gnu-tools-for-stm32.12.3.rel1.win32_1.1.0.202410251130/tools/bin/../lib/gcc/arm-none-eabi/12.3.1/../../../../arm-none-eabi/bin/ld.exe: ./Core/Src/usart.o: in function `HAL_UART_MspInit':
C:/Users/G45p8/Documents/STM322026_G18/SHT31/Debug/../Core/Src/usart.c:78: undefined reference to `Error_Handler'
collect2.exe: error: ld returned 1 exit status
make: *** [makefile:64: SHT31.elf] Error 1
"make -j4 all" terminated with exit code 2. Build might be incomplete.
10:46:13 **** Incremental Build of configuration Debug for project SHT31 ****
make -j4 all 
arm-none-eabi-gcc "../Core/Src/main.c" -mcpu=cortex-m4 -std=gnu11 -g3 -DDEBUG -DUSE_HAL_DRIVER -DSTM32L476xx -c -I../Core/Inc -I../Drivers/STM32L4xx_HAL_Driver/Inc -I../Drivers/STM32L4xx_HAL_Driver/Inc/Legacy -I../Drivers/CMSIS/Device/ST/STM32L4xx/Include -I../Drivers/CMSIS/Include -O0 -ffunction-sections -fdata-sections -Wall -fstack-usage -fcyclomatic-complexity -MMD -MP -MF"Core/Src/main.d" -MT"Core/Src/main.o" --specs=nano.specs -mfpu=fpv4-sp-d16 -mfloat-abi=hard -mthumb -o "Core/Src/main.o"
../Core/Src/main.c: In function 'main':
../Core/Src/main.c:135:43: warning: spurious trailing '%' in format [-Wformat=]
  135 |         sprintf((char*)buf, "%u.%u C ; %u %",
      |                                           ^
../Core/Src/main.c:143:26: warning: pointer targets in passing argument 2 of 'lcd_print' differ in signedness [-Wpointer-sign]
  143 |         lcd_print(&hi2c1,buf);
      |                          ^~~
      |                          |
      |                          uint8_t * {aka unsigned char *}
In file included from ../Core/Src/main.c:26:
../Core/Inc/LCD.h:102:47: note: expected 'char *' but argument is of type 'uint8_t *' {aka 'unsigned char *'}
  102 | void lcd_print(I2C_HandleTypeDef* I2Cx, char *str);
      |                                         ~~~~~~^~~
../Core/Src/main.c:148:26: warning: pointer targets in passing argument 2 of 'lcd_print' differ in signedness [-Wpointer-sign]
  148 |         lcd_print(&hi2c1,&buf[10]);
      |                          ^~~~~~~~
      |                          |
      |                          uint8_t * {aka unsigned char *}
../Core/Inc/LCD.h:102:47: note: expected 'char *' but argument is of type 'uint8_t *' {aka 'unsigned char *'}
  102 | void lcd_print(I2C_HandleTypeDef* I2Cx, char *str);
      |                                         ~~~~~~^~~
../Core/Src/main.c:80:9: warning: unused variable 'partieEntiere2' [-Wunused-variable]
   80 |   float partieEntiere2;
      |         ^~~~~~~~~~~~~~
../Core/Src/main.c:79:9: warning: unused variable 'partieDecimal2' [-Wunused-variable]
   79 |   float partieDecimal2;
      |         ^~~~~~~~~~~~~~
../Core/Src/main.c:74:21: warning: unused variable 'valeur2' [-Wunused-variable]
   74 |   volatile uint16_t valeur2;
      |                     ^~~~~~~
../Core/Src/main.c:111:7: warning: '__builtin_memcpy' writing 13 bytes into a region of size 12 overflows the destination [-Wstringop-overflow=]
  111 |       strcpy((char*)buf, "erreur_T!!\r\n");
      |       ^~~~~~~~~~~~~~~~~~~~~~~~~~~~~~~~~~~~
../Core/Src/main.c:72:11: note: destination object 'buf' of size 12
   72 |   uint8_t buf[12];
      |           ^~~
../Core/Src/main.c:118:9: warning: '__builtin_memcpy' writing 13 bytes into a region of size 12 overflows the destination [-Wstringop-overflow=]
  118 |         strcpy((char*)buf, "erreur_R!!\r\n");
      |         ^~~~~~~~~~~~~~~~~~~~~~~~~~~~~~~~~~~~
../Core/Src/main.c:72:11: note: destination object 'buf' of size 12
   72 |   uint8_t buf[12];
      |           ^~~
arm-none-eabi-gcc -o "SHT31.elf" @"objects.list"   -mcpu=cortex-m4 -T"C:\Users\G45p8\Documents\STM322026_G18\SHT31\STM32L476RGTX_FLASH.ld" --specs=nosys.specs -Wl,-Map="SHT31.map" -Wl,--gc-sections -static --specs=nano.specs -mfpu=fpv4-sp-d16 -mfloat-abi=hard -mthumb -Wl,--start-group -lc -lm -Wl,--end-group
Finished building target: SHT31.elf
 
arm-none-eabi-size  SHT31.elf 
arm-none-eabi-objdump -h -S SHT31.elf  > "SHT31.list"
   text	   data	    bss	    dec	    hex	filename
  20504	     92	   2124	  22720	   58c0	SHT31.elf
Finished building: default.size.stdout
 
Finished building: SHT31.list
 
10:49:02 **** Incremental Build of configuration Debug for project SHT31 ****
make -j4 all 
arm-none-eabi-gcc "../Core/Src/main.c" -mcpu=cortex-m4 -std=gnu11 -g3 -DDEBUG -DUSE_HAL_DRIVER -DSTM32L476xx -c -I../Core/Inc -I../Drivers/STM32L4xx_HAL_Driver/Inc -I../Drivers/STM32L4xx_HAL_Driver/Inc/Legacy -I../Drivers/CMSIS/Device/ST/STM32L4xx/Include -I../Drivers/CMSIS/Include -O0 -ffunction-sections -fdata-sections -Wall -fstack-usage -fcyclomatic-complexity -MMD -MP -MF"Core/Src/main.d" -MT"Core/Src/main.o" --specs=nano.specs -mfpu=fpv4-sp-d16 -mfloat-abi=hard -mthumb -o "Core/Src/main.o"
../Core/Src/main.c: In function 'main':
../Core/Src/main.c:136:43: warning: spurious trailing '%' in format [-Wformat=]
  136 |         sprintf((char*)buf, "%u.%u C ; %u %",
      |                                           ^
../Core/Src/main.c:144:26: warning: pointer targets in passing argument 2 of 'lcd_print' differ in signedness [-Wpointer-sign]
  144 |         lcd_print(&hi2c1,buf);
      |                          ^~~
      |                          |
      |                          uint8_t * {aka unsigned char *}
In file included from ../Core/Src/main.c:26:
../Core/Inc/LCD.h:102:47: note: expected 'char *' but argument is of type 'uint8_t *' {aka 'unsigned char *'}
  102 | void lcd_print(I2C_HandleTypeDef* I2Cx, char *str);
      |                                         ~~~~~~^~~
../Core/Src/main.c:149:26: warning: pointer targets in passing argument 2 of 'lcd_print' differ in signedness [-Wpointer-sign]
  149 |         lcd_print(&hi2c1,&buf[10]);
      |                          ^~~~~~~~
      |                          |
      |                          uint8_t * {aka unsigned char *}
../Core/Inc/LCD.h:102:47: note: expected 'char *' but argument is of type 'uint8_t *' {aka 'unsigned char *'}
  102 | void lcd_print(I2C_HandleTypeDef* I2Cx, char *str);
      |                                         ~~~~~~^~~
../Core/Src/main.c:80:9: warning: unused variable 'partieEntiere2' [-Wunused-variable]
   80 |   float partieEntiere2;
      |         ^~~~~~~~~~~~~~
../Core/Src/main.c:79:9: warning: unused variable 'partieDecimal2' [-Wunused-variable]
   79 |   float partieDecimal2;
      |         ^~~~~~~~~~~~~~
../Core/Src/main.c:74:21: warning: unused variable 'valeur2' [-Wunused-variable]
   74 |   volatile uint16_t valeur2;
      |                     ^~~~~~~
../Core/Src/main.c:111:7: warning: '__builtin_memcpy' writing 13 bytes into a region of size 12 overflows the destination [-Wstringop-overflow=]
  111 |       strcpy((char*)buf, "erreur_T!!\r\n");
      |       ^~~~~~~~~~~~~~~~~~~~~~~~~~~~~~~~~~~~
../Core/Src/main.c:72:11: note: destination object 'buf' of size 12
   72 |   uint8_t buf[12];
      |           ^~~
../Core/Src/main.c:118:9: warning: '__builtin_memcpy' writing 13 bytes into a region of size 12 overflows the destination [-Wstringop-overflow=]
  118 |         strcpy((char*)buf, "erreur_R!!\r\n");
      |         ^~~~~~~~~~~~~~~~~~~~~~~~~~~~~~~~~~~~
../Core/Src/main.c:72:11: note: destination object 'buf' of size 12
   72 |   uint8_t buf[12];
      |           ^~~
arm-none-eabi-gcc -o "SHT31.elf" @"objects.list"   -mcpu=cortex-m4 -T"C:\Users\G45p8\Documents\STM322026_G18\SHT31\STM32L476RGTX_FLASH.ld" --specs=nosys.specs -Wl,-Map="SHT31.map" -Wl,--gc-sections -static --specs=nano.specs -mfpu=fpv4-sp-d16 -mfloat-abi=hard -mthumb -Wl,--start-group -lc -lm -Wl,--end-group
Finished building target: SHT31.elf
 
arm-none-eabi-size  SHT31.elf 
arm-none-eabi-objdump -h -S SHT31.elf  > "SHT31.list"
   text	   data	    bss	    dec	    hex	filename
  20504	     92	   2124	  22720	   58c0	SHT31.elf
Finished building: default.size.stdout
 
Finished building: SHT31.list
 
